------------------------------------------------------------
Timing Analyzer Summary
------------------------------------------------------------

Type  : Slow 1200mV 85C Model Setup 'Clk'
Slack : -3.347
TNS   : -44.031

Type  : Slow 1200mV 85C Model Hold 'Clk'
Slack : 0.348
TNS   : 0.000

Type  : Slow 1200mV 85C Model Recovery 'Clk'
Slack : -0.994
TNS   : -21.519

Type  : Slow 1200mV 85C Model Removal 'Clk'
Slack : 0.912
TNS   : 0.000

Type  : Slow 1200mV 85C Model Minimum Pulse Width 'Clk'
Slack : -3.000
TNS   : -60.523

Type  : Slow 1200mV 0C Model Setup 'Clk'
Slack : -3.002
TNS   : -38.097

Type  : Slow 1200mV 0C Model Hold 'Clk'
Slack : 0.312
TNS   : 0.000

Type  : Slow 1200mV 0C Model Recovery 'Clk'
Slack : -0.817
TNS   : -16.412

Type  : Slow 1200mV 0C Model Removal 'Clk'
Slack : 0.836
TNS   : 0.000

Type  : Slow 1200mV 0C Model Minimum Pulse Width 'Clk'
Slack : -3.000
TNS   : -60.523

Type  : Fast 1200mV 0C Model Setup 'Clk'
Slack : -0.810
TNS   : -6.894

Type  : Fast 1200mV 0C Model Hold 'Clk'
Slack : 0.152
TNS   : 0.000

Type  : Fast 1200mV 0C Model Recovery 'Clk'
Slack : 0.118
TNS   : 0.000

Type  : Fast 1200mV 0C Model Removal 'Clk'
Slack : 0.408
TNS   : 0.000

Type  : Fast 1200mV 0C Model Minimum Pulse Width 'Clk'
Slack : -3.000
TNS   : -45.423

------------------------------------------------------------
